// Jest Snapshot v1, https://goo.gl/fbAQLP

exports[`InfoToggle should render 1`] = `
<div>
  <span>
    Get info
  </span>
  <Tooltip
    align="right"
    direction="bottom"
    id="tooltipTestId"
    minWidth="0px"
    noPortal={false}
    trigger={<InfoTooltipTrigger />}
  />
</div>
`;
