// Jest Snapshot v1, https://goo.gl/fbAQLP

exports[`withLoading matches snapshot 1`] = `
<TestComponent
  className="testClass"
/>
`;
