// Jest Snapshot v1, https://goo.gl/fbAQLP

exports[`redux-form NumberInput renders a NumberInput component with expected attributes from mock data 1`] = `
<WithErrorList(NumberInput)
  label="Number of internets"
  name="internets"
  onChange={[Function]}
  value={10}
/>
`;
