// Jest Snapshot v1, https://goo.gl/fbAQLP

exports[`redux-form Textarea renders a Textarea component with expected attributes from mock data 1`] = `
<WithErrorList(Textarea)
  autosize={true}
  error="Did you mean Batman and Robin?"
  label="Super Hero"
  maxLength={20}
  name="superhero"
  required={true}
  value="Wonder Woman and Robin"
/>
`;
