// Jest Snapshot v1, https://goo.gl/fbAQLP

exports[`Bounds exists 1`] = `
<div
  className="bounds bounds--wide"
/>
`;
