// Jest Snapshot v1, https://goo.gl/fbAQLP

exports[`Card and variants renders a card 1`] = `
<div
  className="card"
>
  <p>
    Lorem Ipsum is simply dummy text of the printing and typesetting industry.
  </p>
</div>
`;
