// Jest Snapshot v1, https://goo.gl/fbAQLP

exports[`Chunk exists 1`] = `<Chunk />`;
