// Jest Snapshot v1, https://goo.gl/fbAQLP

exports[`Flex exists 1`] = `
<div
  className="flex flex--row"
/>
`;
