// Jest Snapshot v1, https://goo.gl/fbAQLP

exports[`Section exists 1`] = `
<section
  className="section"
/>
`;
