// Jest Snapshot v1, https://goo.gl/fbAQLP

exports[`Stripe exists 1`] = `
<div
  className="stripe"
/>
`;
