// Jest Snapshot v1, https://goo.gl/fbAQLP

exports[`TimeInput TimeInput, with input[time] support renders a time html input with expected props 1`] = `
<InputTime
  name="time"
  onChange={[Function]}
  required="*"
  value="11:15"
/>
`;
