// Jest Snapshot v1, https://goo.gl/fbAQLP

exports[`TypeaheadItem exists 1`] = `
<p>
  matters
</p>
`;
